[
    ["northern cardinal", "The northern cardinal is a mid-sized songbird with a body length of 21–23 cm (8.3–9.1 in)"],
    ["northern mockingbird", "Northern mockingbirds measure from 20.5 to 28 cm (8.1 to 11.0 in) including a tail almost as long as its body."],
    ["mourning dove", "The mourning dove is a medium-sized, slender and graceful bird with a length of 22.5-36 cm (8.9-14.2in) with an average of 30.5cm (12in)"],
    ["white-winged Dove", "White Doves are small birds, about 12" from head to tail"],
    ["white winged Dove", "White Doves are small birds, about 12" from head to tail"],
    ["great-tailed grackle", "Great-tailed grackles are medium-sized birds (larger than starlings and smaller than crows; 38 cm (15 in)-46 cm (18 in))"],
    ["great tailed grackle", "Great-tailed grackles are medium-sized birds (larger than starlings and smaller than crows; 38 cm (15 in)-46 cm (18 in))"],
    ["yellow-rumped warbler", "The yellow-rumped warbler is a mid-to-large sized species. The total length of the species can range from 12 to 15 cm (4.7 to 5.9 in) long, with a wingspan of 19 to 24 cm (7.5 to 9.4 in)"],
]